
> react-native-frame-capture@1.1.1 build:plugin
> tsc --build plugin/tsconfig.json

plugin/tsconfig.json(3,3): error TS5095: Option 'bundler' can only be used when 'module' is set to 'preserve' or to 'es2015' or later.
